components/live-view/ClinicalLog.tsx(999,74): error TS2304: Cannot find name 'orgId'.
components/live-view/ClinicalLog.tsx(1008,69): error TS2304: Cannot find name 'router'.
components/live-view/ClinicalLog.tsx(1008,99): error TS2304: Cannot find name 'orgId'.
components/live-view/ClinicalLog.tsx(1013,66): error TS2304: Cannot find name 'Flag'.
