============================= test session starts =============================
platform win32 -- Python 3.14.0, pytest-9.0.2, pluggy-1.6.0 -- C:\Python314\python.exe
cachedir: .pytest_cache
rootdir: C:\Users\user\Desktop\AgentGuard\backend
configfile: pytest.ini (WARNING: ignoring pytest config in pyproject.toml!)
plugins: anyio-4.12.1, asyncio-1.3.0, cov-7.0.0
asyncio: mode=Mode.AUTO, debug=False, asyncio_default_fixture_loop_scope=None, asyncio_default_test_loop_scope=function
collecting ... collected 2 items

tests/integration/test_organization_management.py::test_organization_management_flow PASSED [ 50%]
tests/integration/test_organization_management.py::test_organization_delete_not_owner FAILED [100%]

================================== FAILURES ===================================
_____________________ test_organization_delete_not_owner ______________________
tests\integration\test_organization_management.py:80: in test_organization_delete_not_owner
    assert "Only the organization owner" in response.json()["detail"]
                                            ^^^^^^^^^^^^^^^^^^^^^^^^^
E   KeyError: 'detail'
---------------------------- Captured stderr setup ----------------------------
================================================================================\n\u2705\u2705\u2705 APPLICATION STARTUP COMPLETE - SERVER IS READY TO ACCEPT REQUESTS \u2705\u2705\u2705\n\u2705 Server listening on port 8000\n================================================================================\n\U0001f504 Starting Alembic migrations (non-blocking)...
-------------------------- Captured stderr teardown ---------------------------
INFO  [alembic.runtime.migration] Context impl PostgresqlImpl.
INFO  [alembic.runtime.migration] Will assume transactional DDL.
INFO  [alembic.runtime.migration] Running upgrade d1e2f3g4h5i6 -> 20260205_phase1_schema_alignment, Align DB schema with design: snapshots fields, test lab, live view, signals.
INFO  [alembic.runtime.migration] Running upgrade 20260205_phase1_schema_alignment -> 20260206_usage_mode, Add usage_mode to projects (Design 5.1.5: Full Mode / Test Only).
---------------------------- Captured log teardown ----------------------------
INFO     alembic.runtime.migration:migration.py:210 Context impl PostgresqlImpl.
INFO     alembic.runtime.migration:migration.py:213 Will assume transactional DDL.
INFO     alembic.runtime.migration:migration.py:621 Running upgrade d1e2f3g4h5i6 -> 20260205_phase1_schema_alignment, Align DB schema with design: snapshots fields, test lab, live view, signals.
INFO     alembic.runtime.migration:migration.py:621 Running upgrade 20260205_phase1_schema_alignment -> 20260206_usage_mode, Add usage_mode to projects (Design 5.1.5: Full Mode / Test Only).
============================== warnings summary ===============================
app\core\config.py:15
  C:\Users\user\Desktop\AgentGuard\backend\app\core\config.py:15: PydanticDeprecatedSince20: Support for class-based `config` is deprecated, use ConfigDict instead. Deprecated in Pydantic V2.0 to be removed in V3.0. See Pydantic V2 Migration Guide at https://errors.pydantic.dev/2.12/migration/
    class Settings(BaseSettings):

app\core\database.py:53
  C:\Users\user\Desktop\AgentGuard\backend\app\core\database.py:53: MovedIn20Warning: The ``declarative_base()`` function is now available as sqlalchemy.orm.declarative_base(). (deprecated since: 2.0) (Background on SQLAlchemy 2.0 at: https://sqlalche.me/e/b8d9)
    Base = declarative_base()

app\api\v1\endpoints\auth.py:50
  C:\Users\user\Desktop\AgentGuard\backend\app\api\v1\endpoints\auth.py:50: PydanticDeprecatedSince20: Support for class-based `config` is deprecated, use ConfigDict instead. Deprecated in Pydantic V2.0 to be removed in V3.0. See Pydantic V2 Migration Guide at https://errors.pydantic.dev/2.12/migration/
    class UserResponse(BaseModel):

app\api\v1\endpoints\projects.py:54
  C:\Users\user\Desktop\AgentGuard\backend\app\api\v1\endpoints\projects.py:54: PydanticDeprecatedSince20: Support for class-based `config` is deprecated, use ConfigDict instead. Deprecated in Pydantic V2.0 to be removed in V3.0. See Pydantic V2 Migration Guide at https://errors.pydantic.dev/2.12/migration/
    class ProjectResponse(BaseModel):

app\api\v1\endpoints\projects.py:484
  C:\Users\user\Desktop\AgentGuard\backend\app\api\v1\endpoints\projects.py:484: PydanticDeprecatedSince20: Support for class-based `config` is deprecated, use ConfigDict instead. Deprecated in Pydantic V2.0 to be removed in V3.0. See Pydantic V2 Migration Guide at https://errors.pydantic.dev/2.12/migration/
    class RubricResponse(BaseModel):

app\api\v1\endpoints\project_members.py:62
  C:\Users\user\Desktop\AgentGuard\backend\app\api\v1\endpoints\project_members.py:62: PydanticDeprecatedSince20: Support for class-based `config` is deprecated, use ConfigDict instead. Deprecated in Pydantic V2.0 to be removed in V3.0. See Pydantic V2 Migration Guide at https://errors.pydantic.dev/2.12/migration/
    class ProjectMemberResponse(BaseModel):

app\api\v1\endpoints\api_calls.py:28
  C:\Users\user\Desktop\AgentGuard\backend\app\api\v1\endpoints\api_calls.py:28: PydanticDeprecatedSince20: Support for class-based `config` is deprecated, use ConfigDict instead. Deprecated in Pydantic V2.0 to be removed in V3.0. See Pydantic V2 Migration Guide at https://errors.pydantic.dev/2.12/migration/
    class APICallResponse(BaseModel):

app\api\v1\endpoints\quality.py:175
  C:\Users\user\Desktop\AgentGuard\backend\app\api\v1\endpoints\quality.py:175: PydanticDeprecatedSince20: Support for class-based `config` is deprecated, use ConfigDict instead. Deprecated in Pydantic V2.0 to be removed in V3.0. See Pydantic V2 Migration Guide at https://errors.pydantic.dev/2.12/migration/
    class QualityScoreResponse(BaseModel):

app\api\v1\endpoints\alerts.py:24
  C:\Users\user\Desktop\AgentGuard\backend\app\api\v1\endpoints\alerts.py:24: PydanticDeprecatedSince20: Support for class-based `config` is deprecated, use ConfigDict instead. Deprecated in Pydantic V2.0 to be removed in V3.0. See Pydantic V2 Migration Guide at https://errors.pydantic.dev/2.12/migration/
    class AlertResponse(BaseModel):

app\api\v1\endpoints\subscription.py:44
  C:\Users\user\Desktop\AgentGuard\backend\app\api\v1\endpoints\subscription.py:44: PydanticDeprecatedSince20: Support for class-based `config` is deprecated, use ConfigDict instead. Deprecated in Pydantic V2.0 to be removed in V3.0. See Pydantic V2 Migration Guide at https://errors.pydantic.dev/2.12/migration/
    class UpgradeRequest(BaseModel):

app\api\v1\endpoints\organizations.py:43
  C:\Users\user\Desktop\AgentGuard\backend\app\api\v1\endpoints\organizations.py:43: PydanticDeprecatedSince20: Support for class-based `config` is deprecated, use ConfigDict instead. Deprecated in Pydantic V2.0 to be removed in V3.0. See Pydantic V2 Migration Guide at https://errors.pydantic.dev/2.12/migration/
    class OrganizationSummary(BaseModel):

app\api\v1\endpoints\organizations.py:71
  C:\Users\user\Desktop\AgentGuard\backend\app\api\v1\endpoints\organizations.py:71: PydanticDeprecatedSince20: Support for class-based `config` is deprecated, use ConfigDict instead. Deprecated in Pydantic V2.0 to be removed in V3.0. See Pydantic V2 Migration Guide at https://errors.pydantic.dev/2.12/migration/
    class OrganizationDetail(BaseModel):

app\api\v1\endpoints\organizations.py:83
  C:\Users\user\Desktop\AgentGuard\backend\app\api\v1\endpoints\organizations.py:83: PydanticDeprecatedSince20: Support for class-based `config` is deprecated, use ConfigDict instead. Deprecated in Pydantic V2.0 to be removed in V3.0. See Pydantic V2 Migration Guide at https://errors.pydantic.dev/2.12/migration/
    class OrgProjectSummary(BaseModel):

app\api\v1\endpoints\user_api_keys.py:30
  C:\Users\user\Desktop\AgentGuard\backend\app\api\v1\endpoints\user_api_keys.py:30: PydanticDeprecatedSince20: Support for class-based `config` is deprecated, use ConfigDict instead. Deprecated in Pydantic V2.0 to be removed in V3.0. See Pydantic V2 Migration Guide at https://errors.pydantic.dev/2.12/migration/
    class UserApiKeyResponse(BaseModel):

app\api\v1\endpoints\firewall.py:47
  C:\Users\user\Desktop\AgentGuard\backend\app\api\v1\endpoints\firewall.py:47: PydanticDeprecatedSince20: Support for class-based `config` is deprecated, use ConfigDict instead. Deprecated in Pydantic V2.0 to be removed in V3.0. See Pydantic V2 Migration Guide at https://errors.pydantic.dev/2.12/migration/
    class FirewallRuleResponse(BaseModel):

app\api\v1\endpoints\notifications.py:31
  C:\Users\user\Desktop\AgentGuard\backend\app\api\v1\endpoints\notifications.py:31: PydanticDeprecatedSince20: Support for class-based `config` is deprecated, use ConfigDict instead. Deprecated in Pydantic V2.0 to be removed in V3.0. See Pydantic V2 Migration Guide at https://errors.pydantic.dev/2.12/migration/
    class NotificationItem(BaseModel):

app\api\v1\endpoints\notifications.py:210
  C:\Users\user\Desktop\AgentGuard\backend\app\api\v1\endpoints\notifications.py:210: PydanticDeprecatedSince20: Support for class-based `config` is deprecated, use ConfigDict instead. Deprecated in Pydantic V2.0 to be removed in V3.0. See Pydantic V2 Migration Guide at https://errors.pydantic.dev/2.12/migration/
    class NotificationSettingsResponse(BaseModel):

app\api\v1\endpoints\settings.py:24
  C:\Users\user\Desktop\AgentGuard\backend\app\api\v1\endpoints\settings.py:24: PydanticDeprecatedSince20: Support for class-based `config` is deprecated, use ConfigDict instead. Deprecated in Pydantic V2.0 to be removed in V3.0. See Pydantic V2 Migration Guide at https://errors.pydantic.dev/2.12/migration/
    class ProfileResponse(BaseModel):

app\api\v1\endpoints\settings.py:52
  C:\Users\user\Desktop\AgentGuard\backend\app\api\v1\endpoints\settings.py:52: PydanticDeprecatedSince20: Support for class-based `config` is deprecated, use ConfigDict instead. Deprecated in Pydantic V2.0 to be removed in V3.0. See Pydantic V2 Migration Guide at https://errors.pydantic.dev/2.12/migration/
    class NotificationSettingsResponse(BaseModel):

app\api\v1\endpoints\settings.py:89
  C:\Users\user\Desktop\AgentGuard\backend\app\api\v1\endpoints\settings.py:89: PydanticDeprecatedSince20: Support for class-based `config` is deprecated, use ConfigDict instead. Deprecated in Pydantic V2.0 to be removed in V3.0. See Pydantic V2 Migration Guide at https://errors.pydantic.dev/2.12/migration/
    class APIKeyResponse(BaseModel):

app\api\v1\endpoints\activity.py:25
  C:\Users\user\Desktop\AgentGuard\backend\app\api\v1\endpoints\activity.py:25: PydanticDeprecatedSince20: Support for class-based `config` is deprecated, use ConfigDict instead. Deprecated in Pydantic V2.0 to be removed in V3.0. See Pydantic V2 Migration Guide at https://errors.pydantic.dev/2.12/migration/
    class ActivityItem(BaseModel):

app\api\v1\endpoints\drift.py:24
  C:\Users\user\Desktop\AgentGuard\backend\app\api\v1\endpoints\drift.py:24: PydanticDeprecatedSince20: Support for class-based `config` is deprecated, use ConfigDict instead. Deprecated in Pydantic V2.0 to be removed in V3.0. See Pydantic V2 Migration Guide at https://errors.pydantic.dev/2.12/migration/
    class DriftDetectionResponse(BaseModel):

app\api\v1\endpoints\webhooks.py:25
  C:\Users\user\Desktop\AgentGuard\backend\app\api\v1\endpoints\webhooks.py:25: PydanticDeprecatedSince20: Support for class-based `config` is deprecated, use ConfigDict instead. Deprecated in Pydantic V2.0 to be removed in V3.0. See Pydantic V2 Migration Guide at https://errors.pydantic.dev/2.12/migration/
    class WebhookResponse(BaseModel):

app\api\v1\endpoints\signals.py:37
  C:\Users\user\Desktop\AgentGuard\backend\app\api\v1\endpoints\signals.py:37: PydanticDeprecatedSince20: Support for class-based `config` is deprecated, use ConfigDict instead. Deprecated in Pydantic V2.0 to be removed in V3.0. See Pydantic V2 Migration Guide at https://errors.pydantic.dev/2.12/migration/
    class SignalConfigResponse(BaseModel):

app\api\v1\endpoints\worst_prompts.py:24
  C:\Users\user\Desktop\AgentGuard\backend\app\api\v1\endpoints\worst_prompts.py:24: PydanticDeprecatedSince20: Support for class-based `config` is deprecated, use ConfigDict instead. Deprecated in Pydantic V2.0 to be removed in V3.0. See Pydantic V2 Migration Guide at https://errors.pydantic.dev/2.12/migration/
    class WorstPromptResponse(BaseModel):

app\api\v1\endpoints\worst_prompts.py:72
  C:\Users\user\Desktop\AgentGuard\backend\app\api\v1\endpoints\worst_prompts.py:72: PydanticDeprecatedSince20: Support for class-based `config` is deprecated, use ConfigDict instead. Deprecated in Pydantic V2.0 to be removed in V3.0. See Pydantic V2 Migration Guide at https://errors.pydantic.dev/2.12/migration/
    class PromptSetResponse(BaseModel):

app\api\v1\endpoints\reviews.py:21
  C:\Users\user\Desktop\AgentGuard\backend\app\api\v1\endpoints\reviews.py:21: PydanticDeprecatedSince20: Support for class-based `config` is deprecated, use ConfigDict instead. Deprecated in Pydantic V2.0 to be removed in V3.0. See Pydantic V2 Migration Guide at https://errors.pydantic.dev/2.12/migration/
    class ReviewResponse(BaseModel):

app\api\v1\endpoints\reviews.py:63
  C:\Users\user\Desktop\AgentGuard\backend\app\api\v1\endpoints\reviews.py:63: PydanticDeprecatedSince20: Support for class-based `config` is deprecated, use ConfigDict instead. Deprecated in Pydantic V2.0 to be removed in V3.0. See Pydantic V2 Migration Guide at https://errors.pydantic.dev/2.12/migration/
    class CommentResponse(BaseModel):

app\api\v1\endpoints\reviews.py:75
  C:\Users\user\Desktop\AgentGuard\backend\app\api\v1\endpoints\reviews.py:75: PydanticDeprecatedSince20: Support for class-based `config` is deprecated, use ConfigDict instead. Deprecated in Pydantic V2.0 to be removed in V3.0. See Pydantic V2 Migration Guide at https://errors.pydantic.dev/2.12/migration/
    class ReviewCaseResponse(BaseModel):

app\main.py:240
  C:\Users\user\Desktop\AgentGuard\backend\app\main.py:240: DeprecationWarning: 
          on_event is deprecated, use lifespan event handlers instead.
  
          Read more about it in the
          [FastAPI docs for Lifespan Events](https://fastapi.tiangolo.com/advanced/events/).
          
    @app.on_event("startup")

..\..\..\AppData\Roaming\Python\Python314\site-packages\fastapi\applications.py:4576
..\..\..\AppData\Roaming\Python\Python314\site-packages\fastapi\applications.py:4576
  C:\Users\user\AppData\Roaming\Python\Python314\site-packages\fastapi\applications.py:4576: DeprecationWarning: 
          on_event is deprecated, use lifespan event handlers instead.
  
          Read more about it in the
          [FastAPI docs for Lifespan Events](https://fastapi.tiangolo.com/advanced/events/).
          
    return self.router.on_event(event_type)

app\main.py:448
  C:\Users\user\Desktop\AgentGuard\backend\app\main.py:448: DeprecationWarning: 
          on_event is deprecated, use lifespan event handlers instead.
  
          Read more about it in the
          [FastAPI docs for Lifespan Events](https://fastapi.tiangolo.com/advanced/events/).
          
    @app.on_event("shutdown")

tests/integration/test_organization_management.py::test_organization_management_flow
tests/integration/test_organization_management.py::test_organization_delete_not_owner
  C:\Users\user\AppData\Roaming\Python\Python314\site-packages\alembic\config.py:612: DeprecationWarning: No path_separator found in configuration; falling back to legacy splitting on spaces, commas, and colons for prepend_sys_path.  Consider adding path_separator=os to Alembic config.
    util.warn_deprecated(

tests/integration/test_organization_management.py::test_organization_management_flow
tests/integration/test_organization_management.py::test_organization_delete_not_owner
  C:\Users\user\Desktop\AgentGuard\backend\app\core\security.py:40: DeprecationWarning: datetime.datetime.utcnow() is deprecated and scheduled for removal in a future version. Use timezone-aware objects to represent datetimes in UTC: datetime.datetime.now(datetime.UTC).
    expire = datetime.utcnow() + timedelta(minutes=settings.ACCESS_TOKEN_EXPIRE_MINUTES)

-- Docs: https://docs.pytest.org/en/stable/how-to/capture-warnings.html
=============================== tests coverage ================================
_______________ coverage: platform win32, python 3.14.0-final-0 _______________

Name                                                                Stmts   Miss  Cover   Missing
-------------------------------------------------------------------------------------------------
app\__init__.py                                                         0      0   100%
app\api\__init__.py                                                     0      0   100%
app\api\v1\__init__.py                                                 38      0   100%
app\api\v1\endpoints\__init__.py                                        0      0   100%
app\api\v1\endpoints\activity.py                                       32      9    72%   54-106
app\api\v1\endpoints\admin.py                                          85     85     0%   6-316
app\api\v1\endpoints\admin\__init__.py                                  8      0   100%
app\api\v1\endpoints\admin\impersonation.py                            54     30    44%   30-33, 38, 56-103, 121-158
app\api\v1\endpoints\admin\stats.py                                    25      9    64%   30-70
app\api\v1\endpoints\admin\users.py                                    24     10    58%   31-66
app\api\v1\endpoints\alerts.py                                         89     55    38%   65-117, 133-156, 167-181, 192-200
app\api\v1\endpoints\api_calls.py                                     163    116    29%   72-104, 125-145, 159-240, 260-288, 326-393, 427-487
app\api\v1\endpoints\auth.py                                          178    139    22%   85-158, 171-400, 414-442, 448
app\api\v1\endpoints\billing.py                                        56     29    48%   54-68, 81-103, 117-147, 161-187
app\api\v1\endpoints\ci.py                                            135     97    28%   74-274, 290-330
app\api\v1\endpoints\cost.py                                          104     66    37%   67-70, 82-128, 146-149, 164-200, 212-215, 245-272, 283-285
app\api\v1\endpoints\dashboard.py                                      66     37    44%   50, 69-87, 110-134, 154-192
app\api\v1\endpoints\drift.py                                          56     25    55%   64-108, 125-183, 197-218
app\api\v1\endpoints\export.py                                         74     49    34%   48-114, 140-188
app\api\v1\endpoints\firewall.py                                      120     66    45%   87-98, 110-155, 174-238, 253-283, 302-315, 328-332
app\api\v1\endpoints\health.py                                         63     48    24%   32-45, 59-159
app\api\v1\endpoints\live_view.py                                      88     57    35%   20, 33-75, 85-93, 105-127, 137-146, 155-162, 182-193, 209-218, 234-247
app\api\v1\endpoints\notifications.py                                 151     88    42%   54-63, 77-91, 115-129, 142-161, 174-192, 240-241, 255-282, 297-337, 353-435
app\api\v1\endpoints\onboarding.py                                     68     39    43%   58-60, 71-76, 86-91, 102-107, 123-156
app\api\v1\endpoints\organizations.py                                 267    182    32%   102, 116, 130-131, 145-236, 248-409, 451-612, 633, 637, 664, 675
app\api\v1\endpoints\project_members.py                               116     68    41%   44-46, 57-59, 90-150, 172-221, 236-277, 299-334
app\api\v1\endpoints\projects.py                                      199    104    48%   86, 93, 105-119, 157-168, 183-212, 218-220, 240-246, 261-348, 370-411, 435-457, 469-471, 506-517, 528-529
app\api\v1\endpoints\proxy.py                                         181    147    19%   61-105, 126-360, 378, 392, 406, 420, 434
app\api\v1\endpoints\quality.py                                       109     55    50%   82-118, 136-167, 225-289, 305-333, 348-408
app\api\v1\endpoints\referral.py                                       32     11    66%   31-33, 44-51, 61-63
app\api\v1\endpoints\regression.py                                     59     24    59%   92-127, 143-156, 174-179, 193-202, 213-219
app\api\v1\endpoints\replay.py                                         66     39    41%   44-122
app\api\v1\endpoints\reviews.py                                       113     58    49%   114-125, 158-163, 197-210, 241-252, 284-299, 331-346, 378-393, 406-411, 433-442, 463-468, 497-508, 520-525
app\api\v1\endpoints\self_hosted.py                                    48     24    50%   53-66, 75-90, 109-119
app\api\v1\endpoints\settings.py                                      168     95    43%   117-118, 135-144, 161-175, 186-207, 222-242, 260-296, 317-336, 348-370, 385-409, 420-457
app\api\v1\endpoints\shared_results.py                                 37     15    59%   46-73, 90-99
app\api\v1\endpoints\signals.py                                        94     40    57%   82-87, 100-104, 115-127, 138-149, 159-164, 184-188, 206-221, 237-250, 260-262
app\api\v1\endpoints\subscription.py                                   57     27    53%   69-73, 95, 129-170, 190-210
app\api\v1\endpoints\test_lab.py                                      158    123    22%   26, 38, 77-80, 103-121, 135-148, 180-235, 258-267, 298-308, 332-356, 369-405, 433-470, 502-539
app\api\v1\endpoints\trust_center.py                                   18      2    89%   37, 70
app\api\v1\endpoints\user_api_keys.py                                  57     29    49%   59-106, 123-128, 155-189
app\api\v1\endpoints\webhooks.py                                      114     67    41%   73-94, 121-137, 164-196, 224-260, 287-311, 324-399
app\api\v1\endpoints\worst_prompts.py                                 156     88    44%   109-121, 148-163, 187-198, 223-237, 262-273, 284-290, 304-366, 381-386, 398-403, 414-426, 437-442, 470-481, 493-499
app\api\v2\__init__.py                                                  2      0   100%
app\core\__init__.py                                                    4      0   100%
app\core\analytics.py                                                  52     24    54%   43, 58-59, 62-63, 80-98, 102, 112, 140-146, 167, 183
app\core\config.py                                                     74      4    95%   38, 124, 131, 136
app\core\database.py                                                   61     37    39%   45-47, 66-74, 81-111
app\core\decorators.py                                                 26      8    69%   22-33, 43-49
app\core\dependencies.py                                               89     47    47%   22, 26, 30, 34, 38, 42, 46, 50, 54, 58, 63-66, 84-86, 90-93, 97-99, 103-124, 128-129
app\core\exceptions.py                                                 83     50    40%   18-20, 27, 34, 41, 55-59, 64-94, 113-114, 121, 123, 137-152, 163-177, 187-202
app\core\feature_access.py                                             18     10    44%   37-51, 56-72
app\core\feature_flags.py                                              25     25     0%   5-65
app\core\logging_config.py                                             38      7    82%   33-40
app\core\metrics.py                                                    69     29    58%   161, 168, 171-206, 210-216
app\core\permissions.py                                                40     22    45%   38-47, 68-93, 108-111, 124-125
app\core\responses.py                                                  34     19    44%   26-50, 85, 88, 98, 104, 135-144
app\core\security.py                                                  146    117    20%   26, 38, 49-53, 58-62, 69-93, 104-131, 151-208, 227-306, 330-362
app\core\subscription_limits.py                                         3      0   100%
app\core\test_limits.py                                                32     22    31%   27-49, 73-100
app\infrastructure\__init__.py                                          0      0   100%
app\infrastructure\repositories\__init__.py                            14      0   100%
app\infrastructure\repositories\alert_repository.py                    21     11    48%   12, 24-33, 42-43
app\infrastructure\repositories\api_call_repository.py                 19     10    47%   11, 23-32, 36
app\infrastructure\repositories\base.py                                11      1    91%   41
app\infrastructure\repositories\evaluation_rubric_repository.py        19      8    58%   12, 16-19, 25, 38, 52
app\infrastructure\repositories\exceptions.py                           9      2    78%   10, 15
app\infrastructure\repositories\organization_member_repository.py      16      4    75%   16, 24, 34, 49
app\infrastructure\repositories\organization_repository.py              9      1    89%   14
app\infrastructure\repositories\project_member_repository.py           16      5    69%   12, 16, 24, 34, 49
app\infrastructure\repositories\project_repository.py                  14      2    86%   15, 37
app\infrastructure\repositories\snapshot_repository.py                 19      8    58%   12, 16, 25-26, 40-41, 59-60
app\infrastructure\repositories\sqlalchemy_repository.py               79     45    43%   42, 62-70, 83-97, 111, 119-131, 135, 144, 157-161
app\infrastructure\repositories\trace_repository.py                    20      9    55%   12, 16, 20, 31-36, 40
app\infrastructure\repositories\user_repository.py                     12      3    75%   11, 15, 19
app\main.py                                                           251     99    61%   23-40, 171, 191-193, 233-234, 289-296, 298-387, 400-414, 429, 464-467, 472-500, 506-508, 514-517, 527-529
app\middleware\__init__.py                                              0      0   100%
app\middleware\api_hook.py                                             65     47    28%   28, 35-131
app\middleware\force_cors_middleware.py                                16      0   100%
app\middleware\gzip_middleware.py                                      21      8    62%   20, 25, 29-43
app\middleware\logging_middleware.py                                   37     17    54%   23, 27-29, 33-41, 77-87
app\middleware\metrics_middleware.py                                   44     12    73%   26, 34, 49, 59, 62, 66-78
app\middleware\rate_limit.py                                           30     10    67%   22, 29, 49-60
app\middleware\security_middleware.py                                  22      4    82%   22-24, 28
app\middleware\usage_middleware.py                                     45     25    44%   20-28, 39, 47, 54-76, 81-84
app\models\__init__.py                                                 37      0   100%
app\models\activity_log.py                                             17      0   100%
app\models\agent_display_setting.py                                    14      0   100%
app\models\alert.py                                                    21      0   100%
app\models\api_call.py                                                 25      0   100%
app\models\api_key.py                                                  15      0   100%
app\models\audit_log.py                                                18      0   100%
app\models\drift_detection.py                                          22      0   100%
app\models\evaluation_rubric.py                                        14      0   100%
app\models\firewall_rule.py                                            35      0   100%
app\models\judge_feedback.py                                           19      0   100%
app\models\live_view_connection.py                                     12      0   100%
app\models\login_attempt.py                                            17      0   100%
app\models\notification_settings.py                                    21      0   100%
app\models\organization.py                                             28      0   100%
app\models\pii_pattern.py                                              15      0   100%
app\models\project.py                                                  29      0   100%
app\models\project_member.py                                           15      0   100%
app\models\project_notification_settings.py                            25      0   100%
app\models\public_benchmark.py                                         22      0   100%
app\models\quality_score.py                                            23      0   100%
app\models\refresh_token.py                                            15      0   100%
app\models\replay_run.py                                               20      0   100%
app\models\review.py                                                   68     68     0%   5-128
app\models\rule_market.py                                              24      0   100%
app\models\shared_result.py                                            23      1    96%   49
app\models\signal_detection.py                                         44      0   100%
app\models\snapshot.py                                                 30      0   100%
app\models\subscription.py                                             21      0   100%
app\models\test_lab_canvas.py                                          13      0   100%
app\models\test_result.py                                              27      0   100%
app\models\test_run.py                                                 17      0   100%
app\models\trace.py                                                    11      0   100%
app\models\usage.py                                                    19      0   100%
app\models\user.py                                                     31      0   100%
app\models\user_agreement.py                                           17      0   100%
app\models\user_api_key.py                                             18      0   100%
app\models\webhook.py                                                  22      0   100%
app\models\worst_prompt.py                                             57     57     0%   5-108
app\services\__init__.py                                                0      0   100%
app\services\activity_logger.py                                        11      0   100%
app\services\alert_service.py                                         222    195    12%   22-39, 44, 49-50, 54, 80-89, 102-111, 123-130, 147-181, 201-234, 253-343, 362-376, 395-432, 453-555
app\services\api_call_service.py                                       13     13     0%   1-47
app\services\audit_service.py                                          23     10    57%   92-103
app\services\background_tasks.py                                       66     49    26%   41-42, 69-162
app\services\billing_service.py                                       232    204    12%   17, 27-32, 39-62, 87-159, 163-185, 189-196, 203-219, 229-266, 270-410, 415-421, 425-426, 433-465, 472-477, 484-494
app\services\brute_force_protection.py                                 65     40    38%   40, 43, 46-47, 50-56, 59-60, 63-80, 86-105, 111-116, 122-123
app\services\cache_service.py                                          72     36    50%   22, 30-40, 44-51, 58-62, 66-75, 81, 86, 91, 96, 101, 110-114
app\services\captcha_service.py                                        24     12    50%   21-35
app\services\cost_analyzer.py                                          46     37    20%   39-56, 64-96, 109-116
app\services\dashboard_service.py                                      95     81    15%   22, 41-206, 227-405
app\services\data_lifecycle_service.py                                112    112     0%   5-257
app\services\data_normalizer.py                                       140    127     9%   79-94, 98-115, 119-129, 133-186, 190-206, 210-251, 258-270, 274-286, 290-315
app\services\discord_service.py                                        31     22    29%   20, 45-135
app\services\drift_engine.py                                          216    199     8%   41-179, 185-236, 258-335, 358-399, 426-493
app\services\email_service.py                                          42     33    21%   16-19, 44-62, 87-146, 176-307
app\services\firewall_service.py                                      170    148    13%   35, 51-59, 85-132, 156-170, 181-207, 226-288, 312-401, 410-423, 435-446
app\services\golden_case_service.py                                    41     41     0%   5-92
app\services\health_monitor.py                                         91     74    19%   26-27, 39-110, 123-168, 183-185
app\services\impersonation_service.py                                  48     34    29%   21-22, 48-96, 117-147, 159-168, 180-181
app\services\infrastructure_cost_monitor.py                            45     30    33%   24-25, 44-60, 76-119
app\services\judge_service.py                                          43     43     0%   1-134
app\services\notification_channel.py                                    3      0   100%
app\services\onboarding_service.py                                     78     61    22%   21, 41-106, 129-146, 164-207, 226-256, 280-304
app\services\organization_service.py                                   63     27    57%   48, 75, 80-95, 118-127, 140-146, 165-170, 183, 188
app\services\password_policy.py                                        55     35    36%   42-56, 62-89
app\services\pii_sanitizer.py                                          58     37    36%   10-11, 38-43, 50-59, 67-104, 110, 117-118
app\services\pricing_updater.py                                        24     24     0%   8-146
app\services\project_member_service.py                                 37     37     0%   1-111
app\services\project_service.py                                        66     36    45%   51, 57, 63-72, 89, 93, 97, 114-145, 166-178, 190-197
app\services\quality_evaluator.py                                     152    130    14%   60-201, 205-214, 218-225, 229-230, 235-245, 257-264, 271-276, 283-288, 304-316, 341-394
app\services\referral_service.py                                       62     46    26%   18, 23, 26-42, 45-63, 66-77, 80-84
app\services\regression_service.py                                    107     85    21%   33-36, 47-123, 135-149, 159-169, 187-203, 210-217, 221-237, 241-255, 264-272
app\services\replay_service.py                                        139    117    16%   34-89, 107-301
app\services\review_service.py                                        170    144    15%   22, 26-27, 45-77, 88-99, 103, 107-108, 117, 132, 147-159, 170-188, 192-210, 216-228, 232-243, 247-248, 266-282, 286-295, 304-321, 325-361, 399-472, 483-514
app\services\risk_based_auth.py                                        45     26    42%   35, 49-80
app\services\s3_glacier_service.py                                     86     86     0%   5-258
app\services\scheduler_service.py                                     208    175    16%   35-36, 41-112, 116-118, 122-183, 187-225, 229-242, 246-273, 277-306, 310-321, 325-383
app\services\shared_result_service.py                                  27     18    33%   16, 42-76, 88-97
app\services\signal_detection_service.py                              316    280    11%   69, 73-74, 99-179, 195-230, 249-272, 286-296, 309-324, 333-338, 350-355, 367-372, 384-418, 431-457, 473-474, 481, 495-514, 522-571, 587-628, 632-635, 639-648, 652-664, 668-683, 697-709, 713-714, 720-734, 738-748
app\services\slack_service.py                                          30     21    30%   18-19, 42-157
app\services\snapshot_service.py                                       56     56     0%   1-154
app\services\statuspage_service.py                                     59     44    25%   41-65, 88-116, 128-167
app\services\stream_processor.py                                      147    116    21%   36-37, 41-42, 49-56, 60-108, 112-248
app\services\subscription_service.py                                  138    115    17%   59-90, 94-108, 114-155, 159-197, 205-243, 257-301
app\services\test_lab_service.py                                      391    355     9%   37, 43, 51, 61-64, 79-90, 100-117, 126-132, 142-144, 160-194, 210-401, 416-631, 644-655, 658, 674-693, 701-747, 766-866, 888-920, 924-930
app\services\user_api_key_service.py                                   61     41    33%   20-48, 55-56, 60, 64, 88-120, 137-158, 173, 195-212
app\services\user_service.py                                           42     42     0%   1-116
app\services\webhook_service.py                                        72     57    21%   36-109, 113-142, 146-155
app\services\worst_prompt_service.py                                  159    134    16%   32, 36-37, 53-86, 99-141, 153-166, 173-174, 180-190, 194, 202-208, 222-236, 240-241, 247-248, 254-288, 292-311, 315-321, 325-346, 350-372, 376-409
app\utils\bulkhead.py                                                  12      4    67%   17-21
app\utils\circuit_breaker.py                                           51     34    33%   30-39, 42-52, 55-65, 68-71, 74-75
app\utils\compression.py                                               40     33    18%   16-21, 28-36, 48-79
-------------------------------------------------------------------------------------------------
TOTAL                                                               11054   7086    36%
Coverage HTML written to dir htmlcov
Coverage XML written to file coverage.xml
=========================== short test summary info ===========================
FAILED tests/integration/test_organization_management.py::test_organization_delete_not_owner - KeyError: 'detail'
================== 1 failed, 1 passed, 37 warnings in 21.53s ==================
